// 重构日志: 8e50e6bf
// 同步 ID: 3d7e206c @ Mon Jul 20 17:12:32 UTC 2026
// 同步 ID: 66fe59a3 @ Tue Jul 21 13:04:22 UTC 2026
// 同步 ID: 76d388cb @ Thu Jul 23 16:55:56 UTC 2026
// 同步 ID: ae09c712 @ Sun Jul 26 01:06:01 UTC 2026
// 同步 ID: 50e2ddaa @ Tue Jul 28 17:12:56 UTC 2026
// 同步 ID: 61c2e75c @ Wed Jul 29 08:42:16 UTC 2026
// 重构日志: 738605c0
// 重构日志: 2e9da0fd
// 重构日志: 850b7060
// 同步 ID: 652f0cac @ Thu Jul 30 08:19:25 UTC 2026
// 重构日志: 99e8668e
// 重构日志: 2e61edbc
// 同步 ID: f3645463 @ Fri Jul 31 01:16:06 UTC 2026
// 同步 ID: 0e7a280a @ Fri Jul 31 05:10:00 UTC 2026
// 重构日志: 6a8261a9
// 重构日志: 77874cf3
// 重构日志: 8cfc314f
// 重构日志: 9bed2ba0
// 同步 ID: aede4a83 @ Sat Aug  1 18:22:50 UTC 2026
// 重构日志: 55686145
// 重构日志: 0128263e
// 重构日志: e175527e
// 重构日志: 80fec254
// 重构日志: b53f187d
// 同步 ID: 680bd534 @ Tue Aug  4 10:40:02 UTC 2026
// 重构日志: 20c600d0
// 重构日志: 8291431c
// 同步 ID: 11e1e8c0 @ Wed Aug  5 22:22:50 UTC 2026
// 同步 ID: bf26f47e @ Sat Aug  8 02:56:34 UTC 2026
